[32m2026-05-28 12:42:23.587[0m | [1mINFO    [0m | [36m__main__[0m:[36mcli_evaluate[0m:[36m292[0m - [1mVerbosity set to INFO[0m
[32m2026-05-28 12:42:23.689[0m | [1mINFO    [0m | [36m__main__[0m:[36mcli_evaluate_single[0m:[36m362[0m - [1mIncluding path: /project/rhu/dpalfaro/code/dycoke-motionbenc/tasks[0m
[32m2026-05-28 12:42:25.104[0m | [33m[1mWARNING [0m | [36mlmms_eval.tasks[0m:[36m_get_task_and_group[0m:[36m473[0m - [33m[1mThe tag ok_vqa is already registered as a group, this tag will not be registered. This may affect tasks you want to call.[0m
[32m2026-05-28 12:42:25.105[0m | [33m[1mWARNING [0m | [36mlmms_eval.tasks[0m:[36m_get_task_and_group[0m:[36m473[0m - [33m[1mThe tag ok_vqa is already registered as a group, this tag will not be registered. This may affect tasks you want to call.[0m
[32m2026-05-28 12:42:25.325[0m | [33m[1mWARNING [0m | [36mlmms_eval.tasks[0m:[36m_get_task_and_group[0m:[36m473[0m - [33m[1mThe tag vizwiz_vqa is already registered as a group, this tag will not be registered. This may affect tasks you want to call.[0m
[32m2026-05-28 12:42:25.327[0m | [33m[1mWARNING [0m | [36mlmms_eval.tasks[0m:[36m_get_task_and_group[0m:[36m473[0m - [33m[1mThe tag vizwiz_vqa is already registered as a group, this tag will not be registered. This may affect tasks you want to call.[0m
[32m2026-05-28 12:42:25.358[0m | [1mINFO    [0m | [36m__main__[0m:[36mcli_evaluate_single[0m:[36m372[0m - [1mEvaluation tracker args: {'output_path': '/project/rhu/dpalfaro/results/dycoke_run1'}[0m
[32m2026-05-28 12:42:25.358[0m | [1mINFO    [0m | [36m__main__[0m:[36mcli_evaluate_single[0m:[36m388[0m - [1mIncluding path: /project/rhu/dpalfaro/code/dycoke-motionbenc/tasks[0m
[32m2026-05-28 12:42:26.775[0m | [33m[1mWARNING [0m | [36mlmms_eval.tasks[0m:[36m_get_task_and_group[0m:[36m473[0m - [33m[1mThe tag ok_vqa is already registered as a group, this tag will not be registered. This may affect tasks you want to call.[0m
[32m2026-05-28 12:42:26.777[0m | [33m[1mWARNING [0m | [36mlmms_eval.tasks[0m:[36m_get_task_and_group[0m:[36m473[0m - [33m[1mThe tag ok_vqa is already registered as a group, this tag will not be registered. This may affect tasks you want to call.[0m
[32m2026-05-28 12:42:27.010[0m | [33m[1mWARNING [0m | [36mlmms_eval.tasks[0m:[36m_get_task_and_group[0m:[36m473[0m - [33m[1mThe tag vizwiz_vqa is already registered as a group, this tag will not be registered. This may affect tasks you want to call.[0m
[32m2026-05-28 12:42:27.012[0m | [33m[1mWARNING [0m | [36mlmms_eval.tasks[0m:[36m_get_task_and_group[0m:[36m473[0m - [33m[1mThe tag vizwiz_vqa is already registered as a group, this tag will not be registered. This may affect tasks you want to call.[0m
[32m2026-05-28 12:42:27.041[0m | [1mINFO    [0m | [36m__main__[0m:[36mcli_evaluate_single[0m:[36m463[0m - [1mSelected Tasks: ['motionbench'][0m
[32m2026-05-28 12:42:27.307[0m | [1mINFO    [0m | [36mlmms_eval.evaluator[0m:[36msimple_evaluate[0m:[36m152[0m - [1mSetting random seed to 0 | Setting numpy seed to 1234 | Setting torch manual seed to 1234[0m
Loaded LLaVA model: /project/rhu/dpalfaro/weights/llava-ov-7b
Overwriting config with {'mm_spatial_pool_stride': 2, 'mm_spatial_pool_mode': 'bilinear'}
Loading vision tower: google/siglip-so400m-patch14-384
Model Class: LlavaQwenForCausalLM
[32m2026-05-28 12:42:36.204[0m | [1mINFO    [0m | [36mlmms_eval.evaluator_utils[0m:[36mfrom_taskdict[0m:[36m91[0m - [1mNo metadata found in task config for motionbench, using default n_shot=0[0m
[32m2026-05-28 12:42:36.204[0m | [1mINFO    [0m | [36mlmms_eval.api.task[0m:[36mbuild_all_requests[0m:[36m390[0m - [1mBuilding contexts for task motionbench on rank 0...[0m
[32m2026-05-28 12:42:36.813[0m | [1mINFO    [0m | [36mlmms_eval.evaluator[0m:[36mevaluate[0m:[36m439[0m - [1mRunning generate_until requests[0m
[32m2026-05-28 17:36:52.646[0m | [1mINFO    [0m | [36mutils[0m:[36mmotionbench_aggregate_results[0m:[36m54[0m - [1mAccuracy: 2148/4018 = 0.5346 (4034 NA samples excluded)[0m
[32m2026-05-28 17:36:53.363[0m | [1mINFO    [0m | [36m__main__[0m:[36mcli_evaluate_single[0m:[36m534[0m - [1mSaved samples to /project/rhu/dpalfaro/results/dycoke_run1/0529_0142_model_outputs_llava_onevision_model_args_c26e05/motionbench.json[0m
llava_onevision (pretrained=/project/rhu/dpalfaro/weights/llava-ov-7b,conv_template=qwen_1_5,model_name=llava_qwen,dycoke=True,dycoke_l=3,dycoke_p=0.8,dycoke_k=0.3),
gen_kwargs: (),
limit: None,
num_fewshot: None,
batch_size: 1
|   Tasks   |Version|Filter|n-shot|       Metric       |   |Value |   |Stderr|
|-----------|-------|------|-----:|--------------------|---|-----:|---|------|
|motionbench|Yaml   |none  |     0|motionbench_accuracy|↑  |0.5346|±  |   N/A|

